  Main.cpp
C:\Users\Elite\source\repos\ATMSystem\Main.cpp(4,9): warning C4067: unexpected tokens following preprocessor directive - expected a newline
C:\Users\Elite\source\repos\ATMSystem\Main.cpp(5,9): warning C4067: unexpected tokens following preprocessor directive - expected a newline
C:\Users\Elite\source\repos\ATMSystem\Main.cpp(6,9): warning C4067: unexpected tokens following preprocessor directive - expected a newline
C:\Users\Elite\source\repos\ATMSystem\MyLibString.h(173,63): warning C4267: 'return': conversion from 'size_t' to 'int', possible loss of data
  (compiling source file 'Main.cpp')
  
C:\Users\Elite\source\repos\ATMSystem\MyLibString.h(250,23): warning C4267: '=': conversion from 'size_t' to 'short', possible loss of data
  (compiling source file 'Main.cpp')
  
C:\Users\Elite\source\repos\ATMSystem\MyLibString.h(272,23): warning C4267: '=': conversion from 'size_t' to 'short', possible loss of data
  (compiling source file 'Main.cpp')
  
C:\Users\Elite\source\repos\ATMSystem\MyLibString.h(298,22): warning C4267: '=': conversion from 'size_t' to 'short', possible loss of data
  (compiling source file 'Main.cpp')
  
C:\Users\Elite\source\repos\ATMSystem\MyLibString.h(330,17): warning C4267: 'initializing': conversion from 'size_t' to 'short', possible loss of data
  (compiling source file 'Main.cpp')
  
C:\Users\Elite\source\repos\ATMSystem\MyLibString.h(388,13): warning C4267: 'initializing': conversion from 'size_t' to 'short', possible loss of data
  (compiling source file 'Main.cpp')
  
C:\Users\Elite\source\repos\ATMSystem\MyLibString.h(393,16): warning C4267: '=': conversion from 'size_t' to 'short', possible loss of data
  (compiling source file 'Main.cpp')
  
C:\Users\Elite\source\repos\ATMSystem\Main.cpp(7,9): warning C4067: unexpected tokens following preprocessor directive - expected a newline
C:\Users\Elite\source\repos\ATMSystem\Main.cpp(38,31): warning C4244: '=': conversion from 'double' to 'int', possible loss of data
C:\Users\Elite\source\repos\ATMSystem\Main.cpp(121,40): warning C4244: '=': conversion from 'double' to 'int', possible loss of data
  ATMSystem.vcxproj -> C:\Users\Elite\source\repos\ATMSystem\x64\Debug\ATMSystem.exe
